1746626422.358442 client started (98014): version 3.5a, socket /private/tmp/tmux-501/default, protocol 8
1746626422.358464 on Darwin 24.4.0 Darwin Kernel Version 24.4.0: Fri Apr 11 18:32:50 PDT 2025; root:xnu-11417.101.15~117/RELEASE_ARM64_T6041
1746626422.358470 using libevent 2.1.12-stable select
1746626422.358950 using utf8proc 2.9.0
1746626422.358961 using ncurses 6.5 20240427
1746626422.358976 flags are 0x10010000
1746626422.358982 socket is /private/tmp/tmux-501/default
1746626422.358990 trying connect
1746626422.359018 add peer 0x148008000: 6 (0x0)
1746626422.360699 sending message 111 to peer 0x148008000 (8 bytes)
1746626422.360707 sending message 111 to peer 0x148008000 (8 bytes)
1746626422.360710 sending message 101 to peer 0x148008000 (16 bytes)
1746626422.360713 sending message 109 to peer 0x148008000 (4 bytes)
1746626422.360715 sending message 102 to peer 0x148008000 (13 bytes)
1746626422.360717 sending message 108 to peer 0x148008000 (46 bytes)
1746626422.360720 sending message 112 to peer 0x148008000 (70 bytes)
1746626422.360722 sending message 112 to peer 0x148008000 (5 bytes)
1746626422.360724 sending message 112 to peer 0x148008000 (5 bytes)
1746626422.360727 sending message 112 to peer 0x148008000 (6 bytes)
1746626422.360729 sending message 112 to peer 0x148008000 (6 bytes)
1746626422.360731 sending message 112 to peer 0x148008000 (11 bytes)
1746626422.360733 sending message 112 to peer 0x148008000 (10 bytes)
1746626422.360735 sending message 112 to peer 0x148008000 (13 bytes)
1746626422.360738 sending message 112 to peer 0x148008000 (13 bytes)
1746626422.360740 sending message 112 to peer 0x148008000 (18 bytes)
1746626422.360742 sending message 112 to peer 0x148008000 (11 bytes)
1746626422.360744 sending message 112 to peer 0x148008000 (21 bytes)
1746626422.360746 sending message 112 to peer 0x148008000 (13 bytes)
1746626422.360749 sending message 112 to peer 0x148008000 (7 bytes)
1746626422.360751 sending message 112 to peer 0x148008000 (13 bytes)
1746626422.360753 sending message 112 to peer 0x148008000 (7 bytes)
1746626422.360755 sending message 112 to peer 0x148008000 (13 bytes)
1746626422.360757 sending message 112 to peer 0x148008000 (9 bytes)
1746626422.360759 sending message 112 to peer 0x148008000 (21 bytes)
1746626422.360762 sending message 112 to peer 0x148008000 (13 bytes)
1746626422.360764 sending message 112 to peer 0x148008000 (8 bytes)
1746626422.360766 sending message 112 to peer 0x148008000 (12 bytes)
1746626422.360769 sending message 112 to peer 0x148008000 (13 bytes)
1746626422.360771 sending message 112 to peer 0x148008000 (9 bytes)
1746626422.360773 sending message 112 to peer 0x148008000 (9 bytes)
1746626422.360776 sending message 112 to peer 0x148008000 (12 bytes)
1746626422.360778 sending message 112 to peer 0x148008000 (8 bytes)
1746626422.360780 sending message 112 to peer 0x148008000 (7 bytes)
1746626422.360782 sending message 112 to peer 0x148008000 (7 bytes)
1746626422.360784 sending message 112 to peer 0x148008000 (9 bytes)
1746626422.360787 sending message 112 to peer 0x148008000 (13 bytes)
1746626422.360789 sending message 112 to peer 0x148008000 (9 bytes)
1746626422.360791 sending message 112 to peer 0x148008000 (15 bytes)
1746626422.360793 sending message 112 to peer 0x148008000 (13 bytes)
1746626422.360795 sending message 112 to peer 0x148008000 (12 bytes)
1746626422.360797 sending message 112 to peer 0x148008000 (8 bytes)
1746626422.360799 sending message 112 to peer 0x148008000 (14 bytes)
1746626422.360801 sending message 112 to peer 0x148008000 (9 bytes)
1746626422.360804 sending message 112 to peer 0x148008000 (10 bytes)
1746626422.360806 sending message 112 to peer 0x148008000 (10 bytes)
1746626422.360809 sending message 112 to peer 0x148008000 (10 bytes)
1746626422.360812 sending message 112 to peer 0x148008000 (10 bytes)
1746626422.360814 sending message 112 to peer 0x148008000 (11 bytes)
1746626422.360817 sending message 112 to peer 0x148008000 (10 bytes)
1746626422.360821 sending message 112 to peer 0x148008000 (8 bytes)
1746626422.360823 sending message 112 to peer 0x148008000 (11 bytes)
1746626422.360831 sending message 112 to peer 0x148008000 (11 bytes)
1746626422.360833 sending message 112 to peer 0x148008000 (11 bytes)
1746626422.360835 sending message 112 to peer 0x148008000 (8 bytes)
1746626422.360836 sending message 112 to peer 0x148008000 (8 bytes)
1746626422.360838 sending message 112 to peer 0x148008000 (8 bytes)
1746626422.360839 sending message 112 to peer 0x148008000 (10 bytes)
1746626422.360841 sending message 112 to peer 0x148008000 (10 bytes)
1746626422.360843 sending message 112 to peer 0x148008000 (10 bytes)
1746626422.360844 sending message 112 to peer 0x148008000 (10 bytes)
1746626422.360846 sending message 112 to peer 0x148008000 (10 bytes)
1746626422.360847 sending message 112 to peer 0x148008000 (11 bytes)
1746626422.360849 sending message 112 to peer 0x148008000 (11 bytes)
1746626422.360850 sending message 112 to peer 0x148008000 (10 bytes)
1746626422.360852 sending message 112 to peer 0x148008000 (9 bytes)
1746626422.360853 sending message 112 to peer 0x148008000 (9 bytes)
1746626422.360855 sending message 112 to peer 0x148008000 (12 bytes)
1746626422.360856 sending message 112 to peer 0x148008000 (9 bytes)
1746626422.360857 sending message 112 to peer 0x148008000 (6 bytes)
1746626422.360859 sending message 112 to peer 0x148008000 (13 bytes)
1746626422.360860 sending message 112 to peer 0x148008000 (8 bytes)
1746626422.360862 sending message 112 to peer 0x148008000 (15 bytes)
1746626422.360863 sending message 112 to peer 0x148008000 (13 bytes)
1746626422.360865 sending message 112 to peer 0x148008000 (70 bytes)
1746626422.360867 sending message 112 to peer 0x148008000 (69 bytes)
1746626422.360868 sending message 112 to peer 0x148008000 (10 bytes)
1746626422.360870 sending message 112 to peer 0x148008000 (8 bytes)
1746626422.360871 sending message 112 to peer 0x148008000 (15 bytes)
1746626422.360873 sending message 112 to peer 0x148008000 (13 bytes)
1746626422.360875 sending message 112 to peer 0x148008000 (10 bytes)
1746626422.360876 sending message 112 to peer 0x148008000 (10 bytes)
1746626422.360878 sending message 112 to peer 0x148008000 (5 bytes)
1746626422.360879 sending message 112 to peer 0x148008000 (15 bytes)
1746626422.360881 sending message 104 to peer 0x148008000 (0 bytes)
1746626422.360883 sending message 110 to peer 0x148008000 (0 bytes)
1746626422.360885 sending message 107 to peer 0x148008000 (4 bytes)
1746626422.360886 sending message 105 to peer 0x148008000 (49 bytes)
1746626422.360888 sending message 105 to peer 0x148008000 (26 bytes)
1746626422.360889 sending message 105 to peer 0x148008000 (30 bytes)
1746626422.360891 sending message 105 to peer 0x148008000 (20 bytes)
1746626422.360892 sending message 105 to peer 0x148008000 (22 bytes)
1746626422.360894 sending message 105 to peer 0x148008000 (27 bytes)
1746626422.360895 sending message 105 to peer 0x148008000 (12 bytes)
1746626422.360897 sending message 105 to peer 0x148008000 (24 bytes)
1746626422.360898 sending message 105 to peer 0x148008000 (25 bytes)
1746626422.360900 sending message 105 to peer 0x148008000 (15 bytes)
1746626422.360901 sending message 105 to peer 0x148008000 (18 bytes)
1746626422.360903 sending message 105 to peer 0x148008000 (30 bytes)
1746626422.360904 sending message 105 to peer 0x148008000 (18 bytes)
1746626422.360905 sending message 105 to peer 0x148008000 (42 bytes)
1746626422.360907 sending message 105 to peer 0x148008000 (37 bytes)
1746626422.360908 sending message 105 to peer 0x148008000 (30 bytes)
1746626422.360910 sending message 105 to peer 0x148008000 (34 bytes)
1746626422.360911 sending message 105 to peer 0x148008000 (60 bytes)
1746626422.360913 sending message 105 to peer 0x148008000 (17 bytes)
1746626422.360914 sending message 105 to peer 0x148008000 (50 bytes)
1746626422.360916 sending message 105 to peer 0x148008000 (14 bytes)
1746626422.360918 sending message 105 to peer 0x148008000 (32 bytes)
1746626422.360919 sending message 105 to peer 0x148008000 (96 bytes)
1746626422.360921 sending message 105 to peer 0x148008000 (54 bytes)
1746626422.360923 sending message 105 to peer 0x148008000 (24 bytes)
1746626422.360929 sending message 105 to peer 0x148008000 (34 bytes)
1746626422.360931 sending message 105 to peer 0x148008000 (11 bytes)
1746626422.360933 sending message 105 to peer 0x148008000 (1057 bytes)
1746626422.360934 sending message 105 to peer 0x148008000 (50 bytes)
1746626422.360936 sending message 105 to peer 0x148008000 (26 bytes)
1746626422.360937 sending message 105 to peer 0x148008000 (53 bytes)
1746626422.360939 sending message 105 to peer 0x148008000 (24 bytes)
1746626422.360941 sending message 105 to peer 0x148008000 (15 bytes)
1746626422.360942 sending message 105 to peer 0x148008000 (8 bytes)
1746626422.360944 sending message 105 to peer 0x148008000 (66 bytes)
1746626422.360945 sending message 105 to peer 0x148008000 (34 bytes)
1746626422.360947 sending message 105 to peer 0x148008000 (32 bytes)
1746626422.360949 sending message 105 to peer 0x148008000 (23 bytes)
1746626422.360950 sending message 105 to peer 0x148008000 (21 bytes)
1746626422.360952 sending message 105 to peer 0x148008000 (18 bytes)
1746626422.360953 sending message 105 to peer 0x148008000 (26 bytes)
1746626422.360955 sending message 105 to peer 0x148008000 (57 bytes)
1746626422.360956 sending message 105 to peer 0x148008000 (43 bytes)
1746626422.360958 sending message 105 to peer 0x148008000 (13 bytes)
1746626422.360959 sending message 105 to peer 0x148008000 (60 bytes)
1746626422.360961 sending message 105 to peer 0x148008000 (34 bytes)
1746626422.360962 sending message 105 to peer 0x148008000 (11 bytes)
1746626422.360964 sending message 105 to peer 0x148008000 (48 bytes)
1746626422.360965 sending message 105 to peer 0x148008000 (48 bytes)
1746626422.360967 sending message 105 to peer 0x148008000 (61 bytes)
1746626422.360968 sending message 105 to peer 0x148008000 (72 bytes)
1746626422.360970 sending message 105 to peer 0x148008000 (64 bytes)
1746626422.360971 sending message 105 to peer 0x148008000 (15 bytes)
1746626422.360973 sending message 105 to peer 0x148008000 (69 bytes)
1746626422.360974 sending message 105 to peer 0x148008000 (14 bytes)
1746626422.360976 sending message 105 to peer 0x148008000 (19 bytes)
1746626422.360977 sending message 105 to peer 0x148008000 (28 bytes)
1746626422.360978 sending message 105 to peer 0x148008000 (26 bytes)
1746626422.360980 sending message 105 to peer 0x148008000 (52 bytes)
1746626422.360981 sending message 105 to peer 0x148008000 (30 bytes)
1746626422.360983 sending message 105 to peer 0x148008000 (76 bytes)
1746626422.360984 sending message 105 to peer 0x148008000 (44 bytes)
1746626422.360986 sending message 105 to peer 0x148008000 (38 bytes)
1746626422.360987 sending message 105 to peer 0x148008000 (43 bytes)
1746626422.360989 sending message 105 to peer 0x148008000 (43 bytes)
1746626422.360990 sending message 105 to peer 0x148008000 (46 bytes)
1746626422.360992 sending message 105 to peer 0x148008000 (12 bytes)
1746626422.360993 sending message 105 to peer 0x148008000 (22 bytes)
1746626422.360995 sending message 105 to peer 0x148008000 (10 bytes)
1746626422.360996 sending message 105 to peer 0x148008000 (26 bytes)
1746626422.360998 sending message 105 to peer 0x148008000 (24 bytes)
1746626422.360999 sending message 105 to peer 0x148008000 (25 bytes)
1746626422.361001 sending message 106 to peer 0x148008000 (0 bytes)
1746626422.361028 sending message 200 to peer 0x148008000 (4 bytes)
1746626422.361031 client loop enter
1746626422.361124 peer 0x148008000 message 303
1746626422.361128 open write file 2 -
1746626422.361136 sending message 305 to peer 0x148008000 (8 bytes)
1746626422.361143 write check file 2
1746626422.361153 peer 0x148008000 message 304
1746626422.361156 write 58 to file 2
1746626422.361158 peer 0x148008000 message 203
1746626422.361159 file 2 58 bytes left
1746626422.361165 write check file 2
1746626422.361167 client loop exit
